// 重构日志: 3e3a4713
// 重构日志: b282c238
// 同步 ID: 2d848252 @ Fri Jul 17 10:50:59 UTC 2026
// 重构日志: b61c89a5
// 重构日志: b90c7f1d
// 重构日志: 826802c0
// 重构日志: 160160d8
// 重构日志: 4129f231
// 重构日志: d7b23b9e
// 重构日志: 73c84eb5
// 同步 ID: 3a789716 @ Tue Jul 21 22:54:18 UTC 2026
// 重构日志: de75a2a0
// 同步 ID: ba558763 @ Thu Jul 23 01:45:04 UTC 2026
// 同步 ID: b9a7f426 @ Thu Jul 23 05:41:13 UTC 2026
// 同步 ID: 39d706db @ Fri Jul 24 08:08:36 UTC 2026
// 同步 ID: 278bed60 @ Sun Jul 26 05:49:41 UTC 2026
// 重构日志: b81053db
// 同步 ID: 724ee471 @ Sun Jul 26 15:04:38 UTC 2026
// 重构日志: 36416290
// 重构日志: 475982f3
// 同步 ID: beb1b3d2 @ Mon Jul 27 23:49:04 UTC 2026
// 同步 ID: 07d6be8e @ Tue Jul 28 13:06:01 UTC 2026
// 重构日志: ad77ee8e
// 同步 ID: 9d76940b @ Tue Jul 28 21:11:46 UTC 2026
// 同步 ID: 824826c7 @ Wed Jul 29 04:53:30 UTC 2026
// 重构日志: 9f6b1561
// 同步 ID: 26509380 @ Wed Jul 29 13:58:22 UTC 2026
// 重构日志: 402f3954
// 同步 ID: 0a1fda0b @ Thu Jul 30 19:44:05 UTC 2026
// 同步 ID: c13a3833 @ Fri Jul 31 08:24:53 UTC 2026
// 重构日志: 43371867
// 重构日志: 8b0c2dca
